wandb: Currently logged in as: jw4406 (safe-princeton). Use `wandb login --relogin` to force relogin
wandb: Appending key for api.wandb.ai to your netrc file: /home/jw4406/.netrc
wandb: Currently logged in as: jw4406. Use `wandb login --relogin` to force relogin
wandb: wandb version 0.18.6 is available!  To upgrade, please run:
wandb:  $ pip install wandb --upgrade
wandb: Tracking run with wandb version 0.17.6
wandb: Run data is saved locally in /home/jw4406/codebase/stable-baselines3/stable_baselines3/wandb/run-20241113_011149-co54qzwf
wandb: Run `wandb offline` to turn off syncing.
wandb: Syncing run atomic-lion-4
wandb: ⭐️ View project at https://wandb.ai/jw4406/cheetah_al
wandb: 🚀 View run at https://wandb.ai/jw4406/cheetah_al/runs/co54qzwf
Using cuda device
Wrapping the env with a `Monitor` wrapper
Wrapping the env in a DummyVecEnv.
using e-fim: False
Using cuda device
Wrapping the env with a `Monitor` wrapper
Wrapping the env in a DummyVecEnv.
using e-fim: False
/home/jw4406/codebase/stable-baselines3/stable_baselines3/common/evaluation.py:67: UserWarning: Evaluation environment is not wrapped with a ``Monitor`` wrapper. This may result in reporting modified episode lengths and rewards, if other wrappers happen to modify these. Consider wrapping environment first with ``Monitor`` wrapper.
  warnings.warn(
Eval num_timesteps=1000, episode_reward=-12.25 +/- 0.49
Episode length: 1000.00 +/- 0.00
---------------------------------
| eval/              |          |
|    mean_ep_length  | 1e+03    |
|    mean_reward     | -12.2    |
| time/              |          |
|    total_timesteps | 1000     |
---------------------------------
/home/jw4406/codebase/stable-baselines3/stable_baselines3/common/save_util.py:278: UserWarning: Path 'competitive_models/magics_al_cheetah_0_replay_buffer_1000_steps.pkl' exists, will overwrite it.
  warnings.warn(f"Path '{path}' exists, will overwrite it.")
New best mean reward!
Eval num_timesteps=2000, episode_reward=-12.20 +/- 0.43
Episode length: 1000.00 +/- 0.00
---------------------------------
| eval/              |          |
|    mean_ep_length  | 1e+03    |
|    mean_reward     | -12.2    |
| time/              |          |
|    total_timesteps | 2000     |
---------------------------------
/home/jw4406/codebase/stable-baselines3/stable_baselines3/common/save_util.py:278: UserWarning: Path 'competitive_models/magics_al_cheetah_0_replay_buffer_2000_steps.pkl' exists, will overwrite it.
  warnings.warn(f"Path '{path}' exists, will overwrite it.")
New best mean reward!
Eval num_timesteps=3000, episode_reward=-12.67 +/- 0.82
Episode length: 1000.00 +/- 0.00
---------------------------------
| eval/              |          |
|    mean_ep_length  | 1e+03    |
|    mean_reward     | -12.7    |
| time/              |          |
|    total_timesteps | 3000     |
---------------------------------
/home/jw4406/codebase/stable-baselines3/stable_baselines3/common/save_util.py:278: UserWarning: Path 'competitive_models/magics_al_cheetah_0_replay_buffer_3000_steps.pkl' exists, will overwrite it.
  warnings.warn(f"Path '{path}' exists, will overwrite it.")
Eval num_timesteps=4000, episode_reward=-12.96 +/- 0.79
Episode length: 1000.00 +/- 0.00
---------------------------------
| eval/              |          |
|    mean_ep_length  | 1e+03    |
|    mean_reward     | -13      |
| time/              |          |
|    total_timesteps | 4000     |
---------------------------------
/home/jw4406/codebase/stable-baselines3/stable_baselines3/common/save_util.py:278: UserWarning: Path 'competitive_models/magics_al_cheetah_0_replay_buffer_4000_steps.pkl' exists, will overwrite it.
  warnings.warn(f"Path '{path}' exists, will overwrite it.")
---------------------------------
| rollout/           |          |
|    ep_len_mean     | 1e+03    |
|    ep_rew_mean     | -272     |
| time/              |          |
|    episodes        | 4        |
|    fps             | 193      |
|    time_elapsed    | 20       |
|    total_timesteps | 4000     |
| train/             |          |
|    std             | 1        |
---------------------------------
Eval num_timesteps=5000, episode_reward=-12.52 +/- 0.60
Episode length: 1000.00 +/- 0.00
---------------------------------
| eval/              |          |
|    mean_ep_length  | 1e+03    |
|    mean_reward     | -12.5    |
| time/              |          |
|    total_timesteps | 5000     |
---------------------------------
/home/jw4406/codebase/stable-baselines3/stable_baselines3/common/save_util.py:278: UserWarning: Path 'competitive_models/magics_al_cheetah_0_replay_buffer_5000_steps.pkl' exists, will overwrite it.
  warnings.warn(f"Path '{path}' exists, will overwrite it.")
Eval num_timesteps=6000, episode_reward=-12.27 +/- 0.59
Episode length: 1000.00 +/- 0.00
---------------------------------
| eval/              |          |
|    mean_ep_length  | 1e+03    |
|    mean_reward     | -12.3    |
| time/              |          |
|    total_timesteps | 6000     |
---------------------------------
/home/jw4406/codebase/stable-baselines3/stable_baselines3/common/save_util.py:278: UserWarning: Path 'competitive_models/magics_al_cheetah_0_replay_buffer_6000_steps.pkl' exists, will overwrite it.
  warnings.warn(f"Path '{path}' exists, will overwrite it.")
Eval num_timesteps=7000, episode_reward=-12.28 +/- 0.77
Episode length: 1000.00 +/- 0.00
---------------------------------
| eval/              |          |
|    mean_ep_length  | 1e+03    |
|    mean_reward     | -12.3    |
| time/              |          |
|    total_timesteps | 7000     |
---------------------------------
/home/jw4406/codebase/stable-baselines3/stable_baselines3/common/save_util.py:278: UserWarning: Path 'competitive_models/magics_al_cheetah_0_replay_buffer_7000_steps.pkl' exists, will overwrite it.
  warnings.warn(f"Path '{path}' exists, will overwrite it.")
Eval num_timesteps=8000, episode_reward=-12.45 +/- 1.04
Episode length: 1000.00 +/- 0.00
---------------------------------
| eval/              |          |
|    mean_ep_length  | 1e+03    |
|    mean_reward     | -12.4    |
| time/              |          |
|    total_timesteps | 8000     |
---------------------------------
/home/jw4406/codebase/stable-baselines3/stable_baselines3/common/save_util.py:278: UserWarning: Path 'competitive_models/magics_al_cheetah_0_replay_buffer_8000_steps.pkl' exists, will overwrite it.
  warnings.warn(f"Path '{path}' exists, will overwrite it.")
---------------------------------
| rollout/           |          |
|    ep_len_mean     | 1e+03    |
|    ep_rew_mean     | -256     |
| time/              |          |
|    episodes        | 8        |
|    fps             | 193      |
|    time_elapsed    | 41       |
|    total_timesteps | 8000     |
| train/             |          |
|    std             | 1        |
---------------------------------
Eval num_timesteps=9000, episode_reward=-12.55 +/- 0.75
Episode length: 1000.00 +/- 0.00
---------------------------------
| eval/              |          |
|    mean_ep_length  | 1e+03    |
|    mean_reward     | -12.5    |
| time/              |          |
|    total_timesteps | 9000     |
---------------------------------
/home/jw4406/codebase/stable-baselines3/stable_baselines3/common/save_util.py:278: UserWarning: Path 'competitive_models/magics_al_cheetah_0_replay_buffer_9000_steps.pkl' exists, will overwrite it.
  warnings.warn(f"Path '{path}' exists, will overwrite it.")
Eval num_timesteps=10000, episode_reward=-12.38 +/- 0.51
Episode length: 1000.00 +/- 0.00
---------------------------------
| eval/              |          |
|    mean_ep_length  | 1e+03    |
|    mean_reward     | -12.4    |
| time/              |          |
|    total_timesteps | 10000    |
---------------------------------
/home/jw4406/codebase/stable-baselines3/stable_baselines3/common/save_util.py:278: UserWarning: Path 'competitive_models/magics_al_cheetah_0_replay_buffer_10000_steps.pkl' exists, will overwrite it.
  warnings.warn(f"Path '{path}' exists, will overwrite it.")
Eval num_timesteps=11000, episode_reward=-12.55 +/- 1.04
Episode length: 1000.00 +/- 0.00
---------------------------------
| eval/              |          |
|    mean_ep_length  | 1e+03    |
|    mean_reward     | -12.5    |
| time/              |          |
|    total_timesteps | 11000    |
---------------------------------
/home/jw4406/codebase/stable-baselines3/stable_baselines3/common/save_util.py:278: UserWarning: Path 'competitive_models/magics_al_cheetah_0_replay_buffer_11000_steps.pkl' exists, will overwrite it.
  warnings.warn(f"Path '{path}' exists, will overwrite it.")
Eval num_timesteps=12000, episode_reward=-12.15 +/- 0.71
Episode length: 1000.00 +/- 0.00
---------------------------------
| eval/              |          |
|    mean_ep_length  | 1e+03    |
|    mean_reward     | -12.1    |
| time/              |          |
|    total_timesteps | 12000    |
---------------------------------
/home/jw4406/codebase/stable-baselines3/stable_baselines3/common/save_util.py:278: UserWarning: Path 'competitive_models/magics_al_cheetah_0_replay_buffer_12000_steps.pkl' exists, will overwrite it.
  warnings.warn(f"Path '{path}' exists, will overwrite it.")
New best mean reward!
---------------------------------
| rollout/           |          |
|    ep_len_mean     | 1e+03    |
|    ep_rew_mean     | -264     |
| time/              |          |
|    episodes        | 12       |
|    fps             | 193      |
|    time_elapsed    | 62       |
|    total_timesteps | 12000    |
| train/             |          |
|    std             | 1        |
---------------------------------
Eval num_timesteps=13000, episode_reward=-12.19 +/- 0.38
Episode length: 1000.00 +/- 0.00
---------------------------------
| eval/              |          |
|    mean_ep_length  | 1e+03    |
|    mean_reward     | -12.2    |
| time/              |          |
|    total_timesteps | 13000    |
---------------------------------
/home/jw4406/codebase/stable-baselines3/stable_baselines3/common/save_util.py:278: UserWarning: Path 'competitive_models/magics_al_cheetah_0_replay_buffer_13000_steps.pkl' exists, will overwrite it.
  warnings.warn(f"Path '{path}' exists, will overwrite it.")
Eval num_timesteps=14000, episode_reward=-12.45 +/- 0.54
Episode length: 1000.00 +/- 0.00
---------------------------------
| eval/              |          |
|    mean_ep_length  | 1e+03    |
|    mean_reward     | -12.5    |
| time/              |          |
|    total_timesteps | 14000    |
---------------------------------
/home/jw4406/codebase/stable-baselines3/stable_baselines3/common/save_util.py:278: UserWarning: Path 'competitive_models/magics_al_cheetah_0_replay_buffer_14000_steps.pkl' exists, will overwrite it.
  warnings.warn(f"Path '{path}' exists, will overwrite it.")
Eval num_timesteps=15000, episode_reward=-12.51 +/- 0.71
Episode length: 1000.00 +/- 0.00
---------------------------------
| eval/              |          |
|    mean_ep_length  | 1e+03    |
|    mean_reward     | -12.5    |
| time/              |          |
|    total_timesteps | 15000    |
---------------------------------
/home/jw4406/codebase/stable-baselines3/stable_baselines3/common/save_util.py:278: UserWarning: Path 'competitive_models/magics_al_cheetah_0_replay_buffer_15000_steps.pkl' exists, will overwrite it.
  warnings.warn(f"Path '{path}' exists, will overwrite it.")
Eval num_timesteps=16000, episode_reward=-12.33 +/- 0.89
Episode length: 1000.00 +/- 0.00
---------------------------------
| eval/              |          |
|    mean_ep_length  | 1e+03    |
|    mean_reward     | -12.3    |
| time/              |          |
|    total_timesteps | 16000    |
---------------------------------
/home/jw4406/codebase/stable-baselines3/stable_baselines3/common/save_util.py:278: UserWarning: Path 'competitive_models/magics_al_cheetah_0_replay_buffer_16000_steps.pkl' exists, will overwrite it.
  warnings.warn(f"Path '{path}' exists, will overwrite it.")
---------------------------------
| rollout/           |          |
|    ep_len_mean     | 1e+03    |
|    ep_rew_mean     | -268     |
| time/              |          |
|    episodes        | 16       |
|    fps             | 193      |
|    time_elapsed    | 82       |
|    total_timesteps | 16000    |
| train/             |          |
|    std             | 1        |
---------------------------------
Eval num_timesteps=17000, episode_reward=-12.59 +/- 0.76
Episode length: 1000.00 +/- 0.00
---------------------------------
| eval/              |          |
|    mean_ep_length  | 1e+03    |
|    mean_reward     | -12.6    |
| time/              |          |
|    total_timesteps | 17000    |
---------------------------------
/home/jw4406/codebase/stable-baselines3/stable_baselines3/common/save_util.py:278: UserWarning: Path 'competitive_models/magics_al_cheetah_0_replay_buffer_17000_steps.pkl' exists, will overwrite it.
  warnings.warn(f"Path '{path}' exists, will overwrite it.")
Eval num_timesteps=18000, episode_reward=-12.55 +/- 1.01
Episode length: 1000.00 +/- 0.00
---------------------------------
| eval/              |          |
|    mean_ep_length  | 1e+03    |
|    mean_reward     | -12.5    |
| time/              |          |
|    total_timesteps | 18000    |
---------------------------------
/home/jw4406/codebase/stable-baselines3/stable_baselines3/common/save_util.py:278: UserWarning: Path 'competitive_models/magics_al_cheetah_0_replay_buffer_18000_steps.pkl' exists, will overwrite it.
  warnings.warn(f"Path '{path}' exists, will overwrite it.")
Eval num_timesteps=19000, episode_reward=-12.42 +/- 0.77
Episode length: 1000.00 +/- 0.00
---------------------------------
| eval/              |          |
|    mean_ep_length  | 1e+03    |
|    mean_reward     | -12.4    |
| time/              |          |
|    total_timesteps | 19000    |
---------------------------------
/home/jw4406/codebase/stable-baselines3/stable_baselines3/common/save_util.py:278: UserWarning: Path 'competitive_models/magics_al_cheetah_0_replay_buffer_19000_steps.pkl' exists, will overwrite it.
  warnings.warn(f"Path '{path}' exists, will overwrite it.")
Eval num_timesteps=20000, episode_reward=-12.38 +/- 0.73
Episode length: 1000.00 +/- 0.00
---------------------------------
| eval/              |          |
|    mean_ep_length  | 1e+03    |
|    mean_reward     | -12.4    |
| time/              |          |
|    total_timesteps | 20000    |
---------------------------------
/home/jw4406/codebase/stable-baselines3/stable_baselines3/common/save_util.py:278: UserWarning: Path 'competitive_models/magics_al_cheetah_0_replay_buffer_20000_steps.pkl' exists, will overwrite it.
  warnings.warn(f"Path '{path}' exists, will overwrite it.")
---------------------------------
| rollout/           |          |
|    ep_len_mean     | 1e+03    |
|    ep_rew_mean     | -271     |
| time/              |          |
|    episodes        | 20       |
|    fps             | 193      |
|    time_elapsed    | 103      |
|    total_timesteps | 20000    |
| train/             |          |
|    std             | 1        |
---------------------------------
Eval num_timesteps=21000, episode_reward=-12.00 +/- 0.73
Episode length: 1000.00 +/- 0.00
---------------------------------
| eval/              |          |
|    mean_ep_length  | 1e+03    |
|    mean_reward     | -12      |
| time/              |          |
|    total_timesteps | 21000    |
---------------------------------
/home/jw4406/codebase/stable-baselines3/stable_baselines3/common/save_util.py:278: UserWarning: Path 'competitive_models/magics_al_cheetah_0_replay_buffer_21000_steps.pkl' exists, will overwrite it.
  warnings.warn(f"Path '{path}' exists, will overwrite it.")
New best mean reward!
Eval num_timesteps=22000, episode_reward=-12.27 +/- 0.79
Episode length: 1000.00 +/- 0.00
---------------------------------
| eval/              |          |
|    mean_ep_length  | 1e+03    |
|    mean_reward     | -12.3    |
| time/              |          |
|    total_timesteps | 22000    |
---------------------------------
/home/jw4406/codebase/stable-baselines3/stable_baselines3/common/save_util.py:278: UserWarning: Path 'competitive_models/magics_al_cheetah_0_replay_buffer_22000_steps.pkl' exists, will overwrite it.
  warnings.warn(f"Path '{path}' exists, will overwrite it.")
Eval num_timesteps=23000, episode_reward=-12.43 +/- 0.67
Episode length: 1000.00 +/- 0.00
---------------------------------
| eval/              |          |
|    mean_ep_length  | 1e+03    |
|    mean_reward     | -12.4    |
| time/              |          |
|    total_timesteps | 23000    |
---------------------------------
/home/jw4406/codebase/stable-baselines3/stable_baselines3/common/save_util.py:278: UserWarning: Path 'competitive_models/magics_al_cheetah_0_replay_buffer_23000_steps.pkl' exists, will overwrite it.
  warnings.warn(f"Path '{path}' exists, will overwrite it.")
Eval num_timesteps=24000, episode_reward=-12.49 +/- 0.50
Episode length: 1000.00 +/- 0.00
---------------------------------
| eval/              |          |
|    mean_ep_length  | 1e+03    |
|    mean_reward     | -12.5    |
| time/              |          |
|    total_timesteps | 24000    |
---------------------------------
/home/jw4406/codebase/stable-baselines3/stable_baselines3/common/save_util.py:278: UserWarning: Path 'competitive_models/magics_al_cheetah_0_replay_buffer_24000_steps.pkl' exists, will overwrite it.
  warnings.warn(f"Path '{path}' exists, will overwrite it.")
---------------------------------
| rollout/           |          |
|    ep_len_mean     | 1e+03    |
|    ep_rew_mean     | -267     |
| time/              |          |
|    episodes        | 24       |
|    fps             | 193      |
|    time_elapsed    | 124      |
|    total_timesteps | 24000    |
| train/             |          |
|    std             | 1        |
---------------------------------
Eval num_timesteps=25000, episode_reward=-12.13 +/- 0.76
Episode length: 1000.00 +/- 0.00
---------------------------------
| eval/              |          |
|    mean_ep_length  | 1e+03    |
|    mean_reward     | -12.1    |
| time/              |          |
|    total_timesteps | 25000    |
---------------------------------
/home/jw4406/codebase/stable-baselines3/stable_baselines3/common/save_util.py:278: UserWarning: Path 'competitive_models/magics_al_cheetah_0_replay_buffer_25000_steps.pkl' exists, will overwrite it.
  warnings.warn(f"Path '{path}' exists, will overwrite it.")
Eval num_timesteps=26000, episode_reward=-12.27 +/- 0.44
Episode length: 1000.00 +/- 0.00
---------------------------------
| eval/              |          |
|    mean_ep_length  | 1e+03    |
|    mean_reward     | -12.3    |
| time/              |          |
|    total_timesteps | 26000    |
---------------------------------
/home/jw4406/codebase/stable-baselines3/stable_baselines3/common/save_util.py:278: UserWarning: Path 'competitive_models/magics_al_cheetah_0_replay_buffer_26000_steps.pkl' exists, will overwrite it.
  warnings.warn(f"Path '{path}' exists, will overwrite it.")
Eval num_timesteps=27000, episode_reward=-12.15 +/- 0.60
Episode length: 1000.00 +/- 0.00
---------------------------------
| eval/              |          |
|    mean_ep_length  | 1e+03    |
|    mean_reward     | -12.1    |
| time/              |          |
|    total_timesteps | 27000    |
---------------------------------
/home/jw4406/codebase/stable-baselines3/stable_baselines3/common/save_util.py:278: UserWarning: Path 'competitive_models/magics_al_cheetah_0_replay_buffer_27000_steps.pkl' exists, will overwrite it.
  warnings.warn(f"Path '{path}' exists, will overwrite it.")
Eval num_timesteps=28000, episode_reward=-12.03 +/- 0.59
Episode length: 1000.00 +/- 0.00
---------------------------------
| eval/              |          |
|    mean_ep_length  | 1e+03    |
|    mean_reward     | -12      |
| time/              |          |
|    total_timesteps | 28000    |
---------------------------------
/home/jw4406/codebase/stable-baselines3/stable_baselines3/common/save_util.py:278: UserWarning: Path 'competitive_models/magics_al_cheetah_0_replay_buffer_28000_steps.pkl' exists, will overwrite it.
  warnings.warn(f"Path '{path}' exists, will overwrite it.")
---------------------------------
| rollout/           |          |
|    ep_len_mean     | 1e+03    |
|    ep_rew_mean     | -266     |
| time/              |          |
|    episodes        | 28       |
|    fps             | 193      |
|    time_elapsed    | 144      |
|    total_timesteps | 28000    |
| train/             |          |
|    std             | 1        |
---------------------------------
Eval num_timesteps=29000, episode_reward=-12.28 +/- 0.61
Episode length: 1000.00 +/- 0.00
---------------------------------
| eval/              |          |
|    mean_ep_length  | 1e+03    |
|    mean_reward     | -12.3    |
| time/              |          |
|    total_timesteps | 29000    |
---------------------------------
/home/jw4406/codebase/stable-baselines3/stable_baselines3/common/save_util.py:278: UserWarning: Path 'competitive_models/magics_al_cheetah_0_replay_buffer_29000_steps.pkl' exists, will overwrite it.
  warnings.warn(f"Path '{path}' exists, will overwrite it.")
Eval num_timesteps=30000, episode_reward=-12.51 +/- 0.38
Episode length: 1000.00 +/- 0.00
---------------------------------
| eval/              |          |
|    mean_ep_length  | 1e+03    |
|    mean_reward     | -12.5    |
| time/              |          |
|    total_timesteps | 30000    |
---------------------------------
/home/jw4406/codebase/stable-baselines3/stable_baselines3/common/save_util.py:278: UserWarning: Path 'competitive_models/magics_al_cheetah_0_replay_buffer_30000_steps.pkl' exists, will overwrite it.
  warnings.warn(f"Path '{path}' exists, will overwrite it.")
Eval num_timesteps=31000, episode_reward=-12.27 +/- 0.60
Episode length: 1000.00 +/- 0.00
---------------------------------
| eval/              |          |
|    mean_ep_length  | 1e+03    |
|    mean_reward     | -12.3    |
| time/              |          |
|    total_timesteps | 31000    |
---------------------------------
/home/jw4406/codebase/stable-baselines3/stable_baselines3/common/save_util.py:278: UserWarning: Path 'competitive_models/magics_al_cheetah_0_replay_buffer_31000_steps.pkl' exists, will overwrite it.
  warnings.warn(f"Path '{path}' exists, will overwrite it.")
Eval num_timesteps=32000, episode_reward=-12.48 +/- 0.76
Episode length: 1000.00 +/- 0.00
---------------------------------
| eval/              |          |
|    mean_ep_length  | 1e+03    |
|    mean_reward     | -12.5    |
| time/              |          |
|    total_timesteps | 32000    |
---------------------------------
/home/jw4406/codebase/stable-baselines3/stable_baselines3/common/save_util.py:278: UserWarning: Path 'competitive_models/magics_al_cheetah_0_replay_buffer_32000_steps.pkl' exists, will overwrite it.
  warnings.warn(f"Path '{path}' exists, will overwrite it.")
---------------------------------
| rollout/           |          |
|    ep_len_mean     | 1e+03    |
|    ep_rew_mean     | -263     |
| time/              |          |
|    episodes        | 32       |
|    fps             | 193      |
|    time_elapsed    | 165      |
|    total_timesteps | 32000    |
| train/             |          |
|    std             | 1        |
---------------------------------
Eval num_timesteps=33000, episode_reward=-12.31 +/- 0.51
Episode length: 1000.00 +/- 0.00
---------------------------------
| eval/              |          |
|    mean_ep_length  | 1e+03    |
|    mean_reward     | -12.3    |
| time/              |          |
|    total_timesteps | 33000    |
---------------------------------
/home/jw4406/codebase/stable-baselines3/stable_baselines3/common/save_util.py:278: UserWarning: Path 'competitive_models/magics_al_cheetah_0_replay_buffer_33000_steps.pkl' exists, will overwrite it.
  warnings.warn(f"Path '{path}' exists, will overwrite it.")
Eval num_timesteps=34000, episode_reward=-13.04 +/- 0.62
Episode length: 1000.00 +/- 0.00
---------------------------------
| eval/              |          |
|    mean_ep_length  | 1e+03    |
|    mean_reward     | -13      |
| time/              |          |
|    total_timesteps | 34000    |
---------------------------------
/home/jw4406/codebase/stable-baselines3/stable_baselines3/common/save_util.py:278: UserWarning: Path 'competitive_models/magics_al_cheetah_0_replay_buffer_34000_steps.pkl' exists, will overwrite it.
  warnings.warn(f"Path '{path}' exists, will overwrite it.")
Eval num_timesteps=35000, episode_reward=-12.78 +/- 0.61
Episode length: 1000.00 +/- 0.00
---------------------------------
| eval/              |          |
|    mean_ep_length  | 1e+03    |
|    mean_reward     | -12.8    |
| time/              |          |
|    total_timesteps | 35000    |
---------------------------------
/home/jw4406/codebase/stable-baselines3/stable_baselines3/common/save_util.py:278: UserWarning: Path 'competitive_models/magics_al_cheetah_0_replay_buffer_35000_steps.pkl' exists, will overwrite it.
  warnings.warn(f"Path '{path}' exists, will overwrite it.")
Eval num_timesteps=36000, episode_reward=-12.69 +/- 0.61
Episode length: 1000.00 +/- 0.00
---------------------------------
| eval/              |          |
|    mean_ep_length  | 1e+03    |
|    mean_reward     | -12.7    |
| time/              |          |
|    total_timesteps | 36000    |
---------------------------------
/home/jw4406/codebase/stable-baselines3/stable_baselines3/common/save_util.py:278: UserWarning: Path 'competitive_models/magics_al_cheetah_0_replay_buffer_36000_steps.pkl' exists, will overwrite it.
  warnings.warn(f"Path '{path}' exists, will overwrite it.")
---------------------------------
| rollout/           |          |
|    ep_len_mean     | 1e+03    |
|    ep_rew_mean     | -271     |
| time/              |          |
|    episodes        | 36       |
|    fps             | 193      |
|    time_elapsed    | 186      |
|    total_timesteps | 36000    |
| train/             |          |
|    std             | 1        |
---------------------------------
Eval num_timesteps=37000, episode_reward=-12.65 +/- 0.73
Episode length: 1000.00 +/- 0.00
---------------------------------
| eval/              |          |
|    mean_ep_length  | 1e+03    |
|    mean_reward     | -12.7    |
| time/              |          |
|    total_timesteps | 37000    |
---------------------------------
/home/jw4406/codebase/stable-baselines3/stable_baselines3/common/save_util.py:278: UserWarning: Path 'competitive_models/magics_al_cheetah_0_replay_buffer_37000_steps.pkl' exists, will overwrite it.
  warnings.warn(f"Path '{path}' exists, will overwrite it.")
Eval num_timesteps=38000, episode_reward=-12.50 +/- 0.61
Episode length: 1000.00 +/- 0.00
---------------------------------
| eval/              |          |
|    mean_ep_length  | 1e+03    |
|    mean_reward     | -12.5    |
| time/              |          |
|    total_timesteps | 38000    |
---------------------------------
/home/jw4406/codebase/stable-baselines3/stable_baselines3/common/save_util.py:278: UserWarning: Path 'competitive_models/magics_al_cheetah_0_replay_buffer_38000_steps.pkl' exists, will overwrite it.
  warnings.warn(f"Path '{path}' exists, will overwrite it.")
Eval num_timesteps=39000, episode_reward=-12.35 +/- 0.68
Episode length: 1000.00 +/- 0.00
---------------------------------
| eval/              |          |
|    mean_ep_length  | 1e+03    |
|    mean_reward     | -12.3    |
| time/              |          |
|    total_timesteps | 39000    |
---------------------------------
/home/jw4406/codebase/stable-baselines3/stable_baselines3/common/save_util.py:278: UserWarning: Path 'competitive_models/magics_al_cheetah_0_replay_buffer_39000_steps.pkl' exists, will overwrite it.
  warnings.warn(f"Path '{path}' exists, will overwrite it.")
Eval num_timesteps=40000, episode_reward=-12.69 +/- 0.55
Episode length: 1000.00 +/- 0.00
---------------------------------
| eval/              |          |
|    mean_ep_length  | 1e+03    |
|    mean_reward     | -12.7    |
| time/              |          |
|    total_timesteps | 40000    |
---------------------------------
/home/jw4406/codebase/stable-baselines3/stable_baselines3/common/save_util.py:278: UserWarning: Path 'competitive_models/magics_al_cheetah_0_replay_buffer_40000_steps.pkl' exists, will overwrite it.
  warnings.warn(f"Path '{path}' exists, will overwrite it.")
---------------------------------
| rollout/           |          |
|    ep_len_mean     | 1e+03    |
|    ep_rew_mean     | -275     |
| time/              |          |
|    episodes        | 40       |
|    fps             | 193      |
|    time_elapsed    | 206      |
|    total_timesteps | 40000    |
| train/             |          |
|    std             | 1        |
---------------------------------
Eval num_timesteps=41000, episode_reward=-12.71 +/- 0.68
Episode length: 1000.00 +/- 0.00
---------------------------------
| eval/              |          |
|    mean_ep_length  | 1e+03    |
|    mean_reward     | -12.7    |
| time/              |          |
|    total_timesteps | 41000    |
---------------------------------
/home/jw4406/codebase/stable-baselines3/stable_baselines3/common/save_util.py:278: UserWarning: Path 'competitive_models/magics_al_cheetah_0_replay_buffer_41000_steps.pkl' exists, will overwrite it.
  warnings.warn(f"Path '{path}' exists, will overwrite it.")
Eval num_timesteps=42000, episode_reward=-12.46 +/- 0.65
Episode length: 1000.00 +/- 0.00
---------------------------------
| eval/              |          |
|    mean_ep_length  | 1e+03    |
|    mean_reward     | -12.5    |
| time/              |          |
|    total_timesteps | 42000    |
---------------------------------
/home/jw4406/codebase/stable-baselines3/stable_baselines3/common/save_util.py:278: UserWarning: Path 'competitive_models/magics_al_cheetah_0_replay_buffer_42000_steps.pkl' exists, will overwrite it.
  warnings.warn(f"Path '{path}' exists, will overwrite it.")
Eval num_timesteps=43000, episode_reward=-12.38 +/- 0.81
Episode length: 1000.00 +/- 0.00
---------------------------------
| eval/              |          |
|    mean_ep_length  | 1e+03    |
|    mean_reward     | -12.4    |
| time/              |          |
|    total_timesteps | 43000    |
---------------------------------
/home/jw4406/codebase/stable-baselines3/stable_baselines3/common/save_util.py:278: UserWarning: Path 'competitive_models/magics_al_cheetah_0_replay_buffer_43000_steps.pkl' exists, will overwrite it.
  warnings.warn(f"Path '{path}' exists, will overwrite it.")
Eval num_timesteps=44000, episode_reward=-11.94 +/- 0.76
Episode length: 1000.00 +/- 0.00
---------------------------------
| eval/              |          |
|    mean_ep_length  | 1e+03    |
|    mean_reward     | -11.9    |
| time/              |          |
|    total_timesteps | 44000    |
---------------------------------
/home/jw4406/codebase/stable-baselines3/stable_baselines3/common/save_util.py:278: UserWarning: Path 'competitive_models/magics_al_cheetah_0_replay_buffer_44000_steps.pkl' exists, will overwrite it.
  warnings.warn(f"Path '{path}' exists, will overwrite it.")
New best mean reward!
---------------------------------
| rollout/           |          |
|    ep_len_mean     | 1e+03    |
|    ep_rew_mean     | -279     |
| time/              |          |
|    episodes        | 44       |
|    fps             | 193      |
|    time_elapsed    | 227      |
|    total_timesteps | 44000    |
| train/             |          |
|    std             | 1        |
---------------------------------
Eval num_timesteps=45000, episode_reward=-12.40 +/- 0.68
Episode length: 1000.00 +/- 0.00
---------------------------------
| eval/              |          |
|    mean_ep_length  | 1e+03    |
|    mean_reward     | -12.4    |
| time/              |          |
|    total_timesteps | 45000    |
---------------------------------
/home/jw4406/codebase/stable-baselines3/stable_baselines3/common/save_util.py:278: UserWarning: Path 'competitive_models/magics_al_cheetah_0_replay_buffer_45000_steps.pkl' exists, will overwrite it.
  warnings.warn(f"Path '{path}' exists, will overwrite it.")
Eval num_timesteps=46000, episode_reward=-12.14 +/- 0.72
Episode length: 1000.00 +/- 0.00
---------------------------------
| eval/              |          |
|    mean_ep_length  | 1e+03    |
|    mean_reward     | -12.1    |
| time/              |          |
|    total_timesteps | 46000    |
---------------------------------
/home/jw4406/codebase/stable-baselines3/stable_baselines3/common/save_util.py:278: UserWarning: Path 'competitive_models/magics_al_cheetah_0_replay_buffer_46000_steps.pkl' exists, will overwrite it.
  warnings.warn(f"Path '{path}' exists, will overwrite it.")
Eval num_timesteps=47000, episode_reward=-12.21 +/- 0.94
Episode length: 1000.00 +/- 0.00
---------------------------------
| eval/              |          |
|    mean_ep_length  | 1e+03    |
|    mean_reward     | -12.2    |
| time/              |          |
|    total_timesteps | 47000    |
---------------------------------
/home/jw4406/codebase/stable-baselines3/stable_baselines3/common/save_util.py:278: UserWarning: Path 'competitive_models/magics_al_cheetah_0_replay_buffer_47000_steps.pkl' exists, will overwrite it.
  warnings.warn(f"Path '{path}' exists, will overwrite it.")
Eval num_timesteps=48000, episode_reward=-12.48 +/- 0.70
Episode length: 1000.00 +/- 0.00
---------------------------------
| eval/              |          |
|    mean_ep_length  | 1e+03    |
|    mean_reward     | -12.5    |
| time/              |          |
|    total_timesteps | 48000    |
---------------------------------
/home/jw4406/codebase/stable-baselines3/stable_baselines3/common/save_util.py:278: UserWarning: Path 'competitive_models/magics_al_cheetah_0_replay_buffer_48000_steps.pkl' exists, will overwrite it.
  warnings.warn(f"Path '{path}' exists, will overwrite it.")
---------------------------------
| rollout/           |          |
|    ep_len_mean     | 1e+03    |
|    ep_rew_mean     | -284     |
| time/              |          |
|    episodes        | 48       |
|    fps             | 193      |
|    time_elapsed    | 248      |
|    total_timesteps | 48000    |
| train/             |          |
|    std             | 1        |
---------------------------------
Eval num_timesteps=49000, episode_reward=-12.06 +/- 0.37
Episode length: 1000.00 +/- 0.00
---------------------------------
| eval/              |          |
|    mean_ep_length  | 1e+03    |
|    mean_reward     | -12.1    |
| time/              |          |
|    total_timesteps | 49000    |
---------------------------------
/home/jw4406/codebase/stable-baselines3/stable_baselines3/common/save_util.py:278: UserWarning: Path 'competitive_models/magics_al_cheetah_0_replay_buffer_49000_steps.pkl' exists, will overwrite it.
  warnings.warn(f"Path '{path}' exists, will overwrite it.")
Eval num_timesteps=50000, episode_reward=-12.02 +/- 0.72
Episode length: 1000.00 +/- 0.00
---------------------------------
| eval/              |          |
|    mean_ep_length  | 1e+03    |
|    mean_reward     | -12      |
| time/              |          |
|    total_timesteps | 50000    |
---------------------------------
/home/jw4406/codebase/stable-baselines3/stable_baselines3/common/save_util.py:278: UserWarning: Path 'competitive_models/magics_al_cheetah_0_replay_buffer_50000_steps.pkl' exists, will overwrite it.
  warnings.warn(f"Path '{path}' exists, will overwrite it.")
Eval num_timesteps=51000, episode_reward=-12.34 +/- 0.71
Episode length: 1000.00 +/- 0.00
---------------------------------
| eval/              |          |
|    mean_ep_length  | 1e+03    |
|    mean_reward     | -12.3    |
| time/              |          |
|    total_timesteps | 51000    |
---------------------------------
/home/jw4406/codebase/stable-baselines3/stable_baselines3/common/save_util.py:278: UserWarning: Path 'competitive_models/magics_al_cheetah_0_replay_buffer_51000_steps.pkl' exists, will overwrite it.
  warnings.warn(f"Path '{path}' exists, will overwrite it.")
Eval num_timesteps=52000, episode_reward=-12.14 +/- 0.66
Episode length: 1000.00 +/- 0.00
---------------------------------
| eval/              |          |
|    mean_ep_length  | 1e+03    |
|    mean_reward     | -12.1    |
| time/              |          |
|    total_timesteps | 52000    |
---------------------------------
/home/jw4406/codebase/stable-baselines3/stable_baselines3/common/save_util.py:278: UserWarning: Path 'competitive_models/magics_al_cheetah_0_replay_buffer_52000_steps.pkl' exists, will overwrite it.
  warnings.warn(f"Path '{path}' exists, will overwrite it.")
---------------------------------
| rollout/           |          |
|    ep_len_mean     | 1e+03    |
|    ep_rew_mean     | -283     |
| time/              |          |
|    episodes        | 52       |
|    fps             | 193      |
|    time_elapsed    | 268      |
|    total_timesteps | 52000    |
| train/             |          |
|    std             | 1        |
---------------------------------
Eval num_timesteps=53000, episode_reward=-12.74 +/- 0.62
Episode length: 1000.00 +/- 0.00
---------------------------------
| eval/              |          |
|    mean_ep_length  | 1e+03    |
|    mean_reward     | -12.7    |
| time/              |          |
|    total_timesteps | 53000    |
---------------------------------
/home/jw4406/codebase/stable-baselines3/stable_baselines3/common/save_util.py:278: UserWarning: Path 'competitive_models/magics_al_cheetah_0_replay_buffer_53000_steps.pkl' exists, will overwrite it.
  warnings.warn(f"Path '{path}' exists, will overwrite it.")
Eval num_timesteps=54000, episode_reward=-12.10 +/- 0.34
Episode length: 1000.00 +/- 0.00
---------------------------------
| eval/              |          |
|    mean_ep_length  | 1e+03    |
|    mean_reward     | -12.1    |
| time/              |          |
|    total_timesteps | 54000    |
---------------------------------
/home/jw4406/codebase/stable-baselines3/stable_baselines3/common/save_util.py:278: UserWarning: Path 'competitive_models/magics_al_cheetah_0_replay_buffer_54000_steps.pkl' exists, will overwrite it.
  warnings.warn(f"Path '{path}' exists, will overwrite it.")
Eval num_timesteps=55000, episode_reward=-12.44 +/- 0.53
Episode length: 1000.00 +/- 0.00
---------------------------------
| eval/              |          |
|    mean_ep_length  | 1e+03    |
|    mean_reward     | -12.4    |
| time/              |          |
|    total_timesteps | 55000    |
---------------------------------
/home/jw4406/codebase/stable-baselines3/stable_baselines3/common/save_util.py:278: UserWarning: Path 'competitive_models/magics_al_cheetah_0_replay_buffer_55000_steps.pkl' exists, will overwrite it.
  warnings.warn(f"Path '{path}' exists, will overwrite it.")
Eval num_timesteps=56000, episode_reward=-12.58 +/- 0.88
Episode length: 1000.00 +/- 0.00
---------------------------------
| eval/              |          |
|    mean_ep_length  | 1e+03    |
|    mean_reward     | -12.6    |
| time/              |          |
|    total_timesteps | 56000    |
---------------------------------
/home/jw4406/codebase/stable-baselines3/stable_baselines3/common/save_util.py:278: UserWarning: Path 'competitive_models/magics_al_cheetah_0_replay_buffer_56000_steps.pkl' exists, will overwrite it.
  warnings.warn(f"Path '{path}' exists, will overwrite it.")
---------------------------------
| rollout/           |          |
|    ep_len_mean     | 1e+03    |
|    ep_rew_mean     | -286     |
| time/              |          |
|    episodes        | 56       |
|    fps             | 193      |
|    time_elapsed    | 289      |
|    total_timesteps | 56000    |
| train/             |          |
|    std             | 1        |
---------------------------------
Eval num_timesteps=57000, episode_reward=-11.98 +/- 0.47
Episode length: 1000.00 +/- 0.00
---------------------------------
| eval/              |          |
|    mean_ep_length  | 1e+03    |
|    mean_reward     | -12      |
| time/              |          |
|    total_timesteps | 57000    |
---------------------------------
/home/jw4406/codebase/stable-baselines3/stable_baselines3/common/save_util.py:278: UserWarning: Path 'competitive_models/magics_al_cheetah_0_replay_buffer_57000_steps.pkl' exists, will overwrite it.
  warnings.warn(f"Path '{path}' exists, will overwrite it.")
Eval num_timesteps=58000, episode_reward=-12.65 +/- 0.85
Episode length: 1000.00 +/- 0.00
---------------------------------
| eval/              |          |
|    mean_ep_length  | 1e+03    |
|    mean_reward     | -12.7    |
| time/              |          |
|    total_timesteps | 58000    |
---------------------------------
/home/jw4406/codebase/stable-baselines3/stable_baselines3/common/save_util.py:278: UserWarning: Path 'competitive_models/magics_al_cheetah_0_replay_buffer_58000_steps.pkl' exists, will overwrite it.
  warnings.warn(f"Path '{path}' exists, will overwrite it.")
Eval num_timesteps=59000, episode_reward=-12.44 +/- 0.64
Episode length: 1000.00 +/- 0.00
---------------------------------
| eval/              |          |
|    mean_ep_length  | 1e+03    |
|    mean_reward     | -12.4    |
| time/              |          |
|    total_timesteps | 59000    |
---------------------------------
/home/jw4406/codebase/stable-baselines3/stable_baselines3/common/save_util.py:278: UserWarning: Path 'competitive_models/magics_al_cheetah_0_replay_buffer_59000_steps.pkl' exists, will overwrite it.
  warnings.warn(f"Path '{path}' exists, will overwrite it.")
Eval num_timesteps=60000, episode_reward=-12.44 +/- 0.86
Episode length: 1000.00 +/- 0.00
---------------------------------
| eval/              |          |
|    mean_ep_length  | 1e+03    |
|    mean_reward     | -12.4    |
| time/              |          |
|    total_timesteps | 60000    |
---------------------------------
/home/jw4406/codebase/stable-baselines3/stable_baselines3/common/save_util.py:278: UserWarning: Path 'competitive_models/magics_al_cheetah_0_replay_buffer_60000_steps.pkl' exists, will overwrite it.
  warnings.warn(f"Path '{path}' exists, will overwrite it.")
---------------------------------
| rollout/           |          |
|    ep_len_mean     | 1e+03    |
|    ep_rew_mean     | -285     |
| time/              |          |
|    episodes        | 60       |
|    fps             | 193      |
|    time_elapsed    | 309      |
|    total_timesteps | 60000    |
| train/             |          |
|    std             | 1        |
---------------------------------
Eval num_timesteps=61000, episode_reward=-12.62 +/- 0.88
Episode length: 1000.00 +/- 0.00
---------------------------------
| eval/              |          |
|    mean_ep_length  | 1e+03    |
|    mean_reward     | -12.6    |
| time/              |          |
|    total_timesteps | 61000    |
---------------------------------
/home/jw4406/codebase/stable-baselines3/stable_baselines3/common/save_util.py:278: UserWarning: Path 'competitive_models/magics_al_cheetah_0_replay_buffer_61000_steps.pkl' exists, will overwrite it.
  warnings.warn(f"Path '{path}' exists, will overwrite it.")
Eval num_timesteps=62000, episode_reward=-12.29 +/- 0.68
Episode length: 1000.00 +/- 0.00
---------------------------------
| eval/              |          |
|    mean_ep_length  | 1e+03    |
|    mean_reward     | -12.3    |
| time/              |          |
|    total_timesteps | 62000    |
---------------------------------
/home/jw4406/codebase/stable-baselines3/stable_baselines3/common/save_util.py:278: UserWarning: Path 'competitive_models/magics_al_cheetah_0_replay_buffer_62000_steps.pkl' exists, will overwrite it.
  warnings.warn(f"Path '{path}' exists, will overwrite it.")
Eval num_timesteps=63000, episode_reward=-12.28 +/- 0.80
Episode length: 1000.00 +/- 0.00
---------------------------------
| eval/              |          |
|    mean_ep_length  | 1e+03    |
|    mean_reward     | -12.3    |
| time/              |          |
|    total_timesteps | 63000    |
---------------------------------
/home/jw4406/codebase/stable-baselines3/stable_baselines3/common/save_util.py:278: UserWarning: Path 'competitive_models/magics_al_cheetah_0_replay_buffer_63000_steps.pkl' exists, will overwrite it.
  warnings.warn(f"Path '{path}' exists, will overwrite it.")
Eval num_timesteps=64000, episode_reward=-12.65 +/- 0.57
Episode length: 1000.00 +/- 0.00
---------------------------------
| eval/              |          |
|    mean_ep_length  | 1e+03    |
|    mean_reward     | -12.6    |
| time/              |          |
|    total_timesteps | 64000    |
---------------------------------
/home/jw4406/codebase/stable-baselines3/stable_baselines3/common/save_util.py:278: UserWarning: Path 'competitive_models/magics_al_cheetah_0_replay_buffer_64000_steps.pkl' exists, will overwrite it.
  warnings.warn(f"Path '{path}' exists, will overwrite it.")
---------------------------------
| rollout/           |          |
|    ep_len_mean     | 1e+03    |
|    ep_rew_mean     | -287     |
| time/              |          |
|    episodes        | 64       |
|    fps             | 193      |
|    time_elapsed    | 330      |
|    total_timesteps | 64000    |
| train/             |          |
|    std             | 1        |
---------------------------------
Eval num_timesteps=65000, episode_reward=-12.56 +/- 0.95
Episode length: 1000.00 +/- 0.00
---------------------------------
| eval/              |          |
|    mean_ep_length  | 1e+03    |
|    mean_reward     | -12.6    |
| time/              |          |
|    total_timesteps | 65000    |
---------------------------------
/home/jw4406/codebase/stable-baselines3/stable_baselines3/common/save_util.py:278: UserWarning: Path 'competitive_models/magics_al_cheetah_0_replay_buffer_65000_steps.pkl' exists, will overwrite it.
  warnings.warn(f"Path '{path}' exists, will overwrite it.")
Eval num_timesteps=66000, episode_reward=-11.97 +/- 0.65
Episode length: 1000.00 +/- 0.00
---------------------------------
| eval/              |          |
|    mean_ep_length  | 1e+03    |
|    mean_reward     | -12      |
| time/              |          |
|    total_timesteps | 66000    |
---------------------------------
/home/jw4406/codebase/stable-baselines3/stable_baselines3/common/save_util.py:278: UserWarning: Path 'competitive_models/magics_al_cheetah_0_replay_buffer_66000_steps.pkl' exists, will overwrite it.
  warnings.warn(f"Path '{path}' exists, will overwrite it.")
Eval num_timesteps=67000, episode_reward=-12.60 +/- 0.88
Episode length: 1000.00 +/- 0.00
---------------------------------
| eval/              |          |
|    mean_ep_length  | 1e+03    |
|    mean_reward     | -12.6    |
| time/              |          |
|    total_timesteps | 67000    |
---------------------------------
/home/jw4406/codebase/stable-baselines3/stable_baselines3/common/save_util.py:278: UserWarning: Path 'competitive_models/magics_al_cheetah_0_replay_buffer_67000_steps.pkl' exists, will overwrite it.
  warnings.warn(f"Path '{path}' exists, will overwrite it.")
Eval num_timesteps=68000, episode_reward=-12.29 +/- 0.66
Episode length: 1000.00 +/- 0.00
---------------------------------
| eval/              |          |
|    mean_ep_length  | 1e+03    |
|    mean_reward     | -12.3    |
| time/              |          |
|    total_timesteps | 68000    |
---------------------------------
/home/jw4406/codebase/stable-baselines3/stable_baselines3/common/save_util.py:278: UserWarning: Path 'competitive_models/magics_al_cheetah_0_replay_buffer_68000_steps.pkl' exists, will overwrite it.
  warnings.warn(f"Path '{path}' exists, will overwrite it.")
---------------------------------
| rollout/           |          |
|    ep_len_mean     | 1e+03    |
|    ep_rew_mean     | -286     |
| time/              |          |
|    episodes        | 68       |
|    fps             | 193      |
|    time_elapsed    | 351      |
|    total_timesteps | 68000    |
| train/             |          |
|    std             | 1        |
---------------------------------
Eval num_timesteps=69000, episode_reward=-12.16 +/- 0.77
Episode length: 1000.00 +/- 0.00
---------------------------------
| eval/              |          |
|    mean_ep_length  | 1e+03    |
|    mean_reward     | -12.2    |
| time/              |          |
|    total_timesteps | 69000    |
---------------------------------
/home/jw4406/codebase/stable-baselines3/stable_baselines3/common/save_util.py:278: UserWarning: Path 'competitive_models/magics_al_cheetah_0_replay_buffer_69000_steps.pkl' exists, will overwrite it.
  warnings.warn(f"Path '{path}' exists, will overwrite it.")
Eval num_timesteps=70000, episode_reward=-12.55 +/- 0.81
Episode length: 1000.00 +/- 0.00
---------------------------------
| eval/              |          |
|    mean_ep_length  | 1e+03    |
|    mean_reward     | -12.5    |
| time/              |          |
|    total_timesteps | 70000    |
---------------------------------
/home/jw4406/codebase/stable-baselines3/stable_baselines3/common/save_util.py:278: UserWarning: Path 'competitive_models/magics_al_cheetah_0_replay_buffer_70000_steps.pkl' exists, will overwrite it.
  warnings.warn(f"Path '{path}' exists, will overwrite it.")
Eval num_timesteps=71000, episode_reward=-12.46 +/- 0.80
Episode length: 1000.00 +/- 0.00
---------------------------------
| eval/              |          |
|    mean_ep_length  | 1e+03    |
|    mean_reward     | -12.5    |
| time/              |          |
|    total_timesteps | 71000    |
---------------------------------
/home/jw4406/codebase/stable-baselines3/stable_baselines3/common/save_util.py:278: UserWarning: Path 'competitive_models/magics_al_cheetah_0_replay_buffer_71000_steps.pkl' exists, will overwrite it.
  warnings.warn(f"Path '{path}' exists, will overwrite it.")
Eval num_timesteps=72000, episode_reward=-12.60 +/- 0.85
Episode length: 1000.00 +/- 0.00
---------------------------------
| eval/              |          |
|    mean_ep_length  | 1e+03    |
|    mean_reward     | -12.6    |
| time/              |          |
|    total_timesteps | 72000    |
---------------------------------
/home/jw4406/codebase/stable-baselines3/stable_baselines3/common/save_util.py:278: UserWarning: Path 'competitive_models/magics_al_cheetah_0_replay_buffer_72000_steps.pkl' exists, will overwrite it.
  warnings.warn(f"Path '{path}' exists, will overwrite it.")
---------------------------------
| rollout/           |          |
|    ep_len_mean     | 1e+03    |
|    ep_rew_mean     | -286     |
| time/              |          |
|    episodes        | 72       |
|    fps             | 193      |
|    time_elapsed    | 372      |
|    total_timesteps | 72000    |
| train/             |          |
|    std             | 1        |
---------------------------------
Eval num_timesteps=73000, episode_reward=-11.84 +/- 0.75
Episode length: 1000.00 +/- 0.00
---------------------------------
| eval/              |          |
|    mean_ep_length  | 1e+03    |
|    mean_reward     | -11.8    |
| time/              |          |
|    total_timesteps | 73000    |
---------------------------------
/home/jw4406/codebase/stable-baselines3/stable_baselines3/common/save_util.py:278: UserWarning: Path 'competitive_models/magics_al_cheetah_0_replay_buffer_73000_steps.pkl' exists, will overwrite it.
  warnings.warn(f"Path '{path}' exists, will overwrite it.")
New best mean reward!
Eval num_timesteps=74000, episode_reward=-12.30 +/- 0.69
Episode length: 1000.00 +/- 0.00
---------------------------------
| eval/              |          |
|    mean_ep_length  | 1e+03    |
|    mean_reward     | -12.3    |
| time/              |          |
|    total_timesteps | 74000    |
---------------------------------
/home/jw4406/codebase/stable-baselines3/stable_baselines3/common/save_util.py:278: UserWarning: Path 'competitive_models/magics_al_cheetah_0_replay_buffer_74000_steps.pkl' exists, will overwrite it.
  warnings.warn(f"Path '{path}' exists, will overwrite it.")
Eval num_timesteps=75000, episode_reward=-12.44 +/- 0.35
Episode length: 1000.00 +/- 0.00
---------------------------------
| eval/              |          |
|    mean_ep_length  | 1e+03    |
|    mean_reward     | -12.4    |
| time/              |          |
|    total_timesteps | 75000    |
---------------------------------
/home/jw4406/codebase/stable-baselines3/stable_baselines3/common/save_util.py:278: UserWarning: Path 'competitive_models/magics_al_cheetah_0_replay_buffer_75000_steps.pkl' exists, will overwrite it.
  warnings.warn(f"Path '{path}' exists, will overwrite it.")
Eval num_timesteps=76000, episode_reward=-12.36 +/- 0.48
Episode length: 1000.00 +/- 0.00
---------------------------------
| eval/              |          |
|    mean_ep_length  | 1e+03    |
|    mean_reward     | -12.4    |
| time/              |          |
|    total_timesteps | 76000    |
---------------------------------
/home/jw4406/codebase/stable-baselines3/stable_baselines3/common/save_util.py:278: UserWarning: Path 'competitive_models/magics_al_cheetah_0_replay_buffer_76000_steps.pkl' exists, will overwrite it.
  warnings.warn(f"Path '{path}' exists, will overwrite it.")
---------------------------------
| rollout/           |          |
|    ep_len_mean     | 1e+03    |
|    ep_rew_mean     | -284     |
| time/              |          |
|    episodes        | 76       |
|    fps             | 193      |
|    time_elapsed    | 392      |
|    total_timesteps | 76000    |
| train/             |          |
|    std             | 1        |
---------------------------------
Eval num_timesteps=77000, episode_reward=-12.16 +/- 0.38
Episode length: 1000.00 +/- 0.00
---------------------------------
| eval/              |          |
|    mean_ep_length  | 1e+03    |
|    mean_reward     | -12.2    |
| time/              |          |
|    total_timesteps | 77000    |
---------------------------------
/home/jw4406/codebase/stable-baselines3/stable_baselines3/common/save_util.py:278: UserWarning: Path 'competitive_models/magics_al_cheetah_0_replay_buffer_77000_steps.pkl' exists, will overwrite it.
  warnings.warn(f"Path '{path}' exists, will overwrite it.")
Eval num_timesteps=78000, episode_reward=-12.58 +/- 0.53
Episode length: 1000.00 +/- 0.00
---------------------------------
| eval/              |          |
|    mean_ep_length  | 1e+03    |
|    mean_reward     | -12.6    |
| time/              |          |
|    total_timesteps | 78000    |
---------------------------------
/home/jw4406/codebase/stable-baselines3/stable_baselines3/common/save_util.py:278: UserWarning: Path 'competitive_models/magics_al_cheetah_0_replay_buffer_78000_steps.pkl' exists, will overwrite it.
  warnings.warn(f"Path '{path}' exists, will overwrite it.")
Eval num_timesteps=79000, episode_reward=-12.33 +/- 0.50
Episode length: 1000.00 +/- 0.00
---------------------------------
| eval/              |          |
|    mean_ep_length  | 1e+03    |
|    mean_reward     | -12.3    |
| time/              |          |
|    total_timesteps | 79000    |
---------------------------------
/home/jw4406/codebase/stable-baselines3/stable_baselines3/common/save_util.py:278: UserWarning: Path 'competitive_models/magics_al_cheetah_0_replay_buffer_79000_steps.pkl' exists, will overwrite it.
  warnings.warn(f"Path '{path}' exists, will overwrite it.")
Eval num_timesteps=80000, episode_reward=-12.29 +/- 0.50
Episode length: 1000.00 +/- 0.00
---------------------------------
| eval/              |          |
|    mean_ep_length  | 1e+03    |
|    mean_reward     | -12.3    |
| time/              |          |
|    total_timesteps | 80000    |
---------------------------------
/home/jw4406/codebase/stable-baselines3/stable_baselines3/common/save_util.py:278: UserWarning: Path 'competitive_models/magics_al_cheetah_0_replay_buffer_80000_steps.pkl' exists, will overwrite it.
  warnings.warn(f"Path '{path}' exists, will overwrite it.")
---------------------------------
| rollout/           |          |
|    ep_len_mean     | 1e+03    |
|    ep_rew_mean     | -284     |
| time/              |          |
|    episodes        | 80       |
|    fps             | 193      |
|    time_elapsed    | 413      |
|    total_timesteps | 80000    |
| train/             |          |
|    std             | 1        |
---------------------------------
Eval num_timesteps=81000, episode_reward=-11.92 +/- 0.63
Episode length: 1000.00 +/- 0.00
---------------------------------
| eval/              |          |
|    mean_ep_length  | 1e+03    |
|    mean_reward     | -11.9    |
| time/              |          |
|    total_timesteps | 81000    |
---------------------------------
/home/jw4406/codebase/stable-baselines3/stable_baselines3/common/save_util.py:278: UserWarning: Path 'competitive_models/magics_al_cheetah_0_replay_buffer_81000_steps.pkl' exists, will overwrite it.
  warnings.warn(f"Path '{path}' exists, will overwrite it.")
Eval num_timesteps=82000, episode_reward=-12.58 +/- 0.61
Episode length: 1000.00 +/- 0.00
---------------------------------
| eval/              |          |
|    mean_ep_length  | 1e+03    |
|    mean_reward     | -12.6    |
| time/              |          |
|    total_timesteps | 82000    |
---------------------------------
/home/jw4406/codebase/stable-baselines3/stable_baselines3/common/save_util.py:278: UserWarning: Path 'competitive_models/magics_al_cheetah_0_replay_buffer_82000_steps.pkl' exists, will overwrite it.
  warnings.warn(f"Path '{path}' exists, will overwrite it.")
Eval num_timesteps=83000, episode_reward=-12.00 +/- 0.66
Episode length: 1000.00 +/- 0.00
---------------------------------
| eval/              |          |
|    mean_ep_length  | 1e+03    |
|    mean_reward     | -12      |
| time/              |          |
|    total_timesteps | 83000    |
---------------------------------
/home/jw4406/codebase/stable-baselines3/stable_baselines3/common/save_util.py:278: UserWarning: Path 'competitive_models/magics_al_cheetah_0_replay_buffer_83000_steps.pkl' exists, will overwrite it.
  warnings.warn(f"Path '{path}' exists, will overwrite it.")
Eval num_timesteps=84000, episode_reward=-12.26 +/- 0.67
Episode length: 1000.00 +/- 0.00
---------------------------------
| eval/              |          |
|    mean_ep_length  | 1e+03    |
|    mean_reward     | -12.3    |
| time/              |          |
|    total_timesteps | 84000    |
---------------------------------
/home/jw4406/codebase/stable-baselines3/stable_baselines3/common/save_util.py:278: UserWarning: Path 'competitive_models/magics_al_cheetah_0_replay_buffer_84000_steps.pkl' exists, will overwrite it.
  warnings.warn(f"Path '{path}' exists, will overwrite it.")
---------------------------------
| rollout/           |          |
|    ep_len_mean     | 1e+03    |
|    ep_rew_mean     | -282     |
| time/              |          |
|    episodes        | 84       |
|    fps             | 193      |
|    time_elapsed    | 434      |
|    total_timesteps | 84000    |
| train/             |          |
|    std             | 1        |
---------------------------------
Eval num_timesteps=85000, episode_reward=-12.59 +/- 0.76
Episode length: 1000.00 +/- 0.00
---------------------------------
| eval/              |          |
|    mean_ep_length  | 1e+03    |
|    mean_reward     | -12.6    |
| time/              |          |
|    total_timesteps | 85000    |
---------------------------------
/home/jw4406/codebase/stable-baselines3/stable_baselines3/common/save_util.py:278: UserWarning: Path 'competitive_models/magics_al_cheetah_0_replay_buffer_85000_steps.pkl' exists, will overwrite it.
  warnings.warn(f"Path '{path}' exists, will overwrite it.")
Eval num_timesteps=86000, episode_reward=-12.66 +/- 0.61
Episode length: 1000.00 +/- 0.00
---------------------------------
| eval/              |          |
|    mean_ep_length  | 1e+03    |
|    mean_reward     | -12.7    |
| time/              |          |
|    total_timesteps | 86000    |
---------------------------------
/home/jw4406/codebase/stable-baselines3/stable_baselines3/common/save_util.py:278: UserWarning: Path 'competitive_models/magics_al_cheetah_0_replay_buffer_86000_steps.pkl' exists, will overwrite it.
  warnings.warn(f"Path '{path}' exists, will overwrite it.")
Eval num_timesteps=87000, episode_reward=-12.67 +/- 0.74
Episode length: 1000.00 +/- 0.00
---------------------------------
| eval/              |          |
|    mean_ep_length  | 1e+03    |
|    mean_reward     | -12.7    |
| time/              |          |
|    total_timesteps | 87000    |
---------------------------------
/home/jw4406/codebase/stable-baselines3/stable_baselines3/common/save_util.py:278: UserWarning: Path 'competitive_models/magics_al_cheetah_0_replay_buffer_87000_steps.pkl' exists, will overwrite it.
  warnings.warn(f"Path '{path}' exists, will overwrite it.")
Eval num_timesteps=88000, episode_reward=-12.71 +/- 0.60
Episode length: 1000.00 +/- 0.00
---------------------------------
| eval/              |          |
|    mean_ep_length  | 1e+03    |
|    mean_reward     | -12.7    |
| time/              |          |
|    total_timesteps | 88000    |
---------------------------------
/home/jw4406/codebase/stable-baselines3/stable_baselines3/common/save_util.py:278: UserWarning: Path 'competitive_models/magics_al_cheetah_0_replay_buffer_88000_steps.pkl' exists, will overwrite it.
  warnings.warn(f"Path '{path}' exists, will overwrite it.")
---------------------------------
| rollout/           |          |
|    ep_len_mean     | 1e+03    |
|    ep_rew_mean     | -281     |
| time/              |          |
|    episodes        | 88       |
|    fps             | 193      |
|    time_elapsed    | 455      |
|    total_timesteps | 88000    |
| train/             |          |
|    std             | 1        |
---------------------------------
Eval num_timesteps=89000, episode_reward=-12.00 +/- 0.95
Episode length: 1000.00 +/- 0.00
---------------------------------
| eval/              |          |
|    mean_ep_length  | 1e+03    |
|    mean_reward     | -12      |
| time/              |          |
|    total_timesteps | 89000    |
---------------------------------
/home/jw4406/codebase/stable-baselines3/stable_baselines3/common/save_util.py:278: UserWarning: Path 'competitive_models/magics_al_cheetah_0_replay_buffer_89000_steps.pkl' exists, will overwrite it.
  warnings.warn(f"Path '{path}' exists, will overwrite it.")
Eval num_timesteps=90000, episode_reward=-12.65 +/- 0.50
Episode length: 1000.00 +/- 0.00
---------------------------------
| eval/              |          |
|    mean_ep_length  | 1e+03    |
|    mean_reward     | -12.7    |
| time/              |          |
|    total_timesteps | 90000    |
---------------------------------
/home/jw4406/codebase/stable-baselines3/stable_baselines3/common/save_util.py:278: UserWarning: Path 'competitive_models/magics_al_cheetah_0_replay_buffer_90000_steps.pkl' exists, will overwrite it.
  warnings.warn(f"Path '{path}' exists, will overwrite it.")
Eval num_timesteps=91000, episode_reward=-12.70 +/- 0.43
Episode length: 1000.00 +/- 0.00
---------------------------------
| eval/              |          |
|    mean_ep_length  | 1e+03    |
|    mean_reward     | -12.7    |
| time/              |          |
|    total_timesteps | 91000    |
---------------------------------
/home/jw4406/codebase/stable-baselines3/stable_baselines3/common/save_util.py:278: UserWarning: Path 'competitive_models/magics_al_cheetah_0_replay_buffer_91000_steps.pkl' exists, will overwrite it.
  warnings.warn(f"Path '{path}' exists, will overwrite it.")
Eval num_timesteps=92000, episode_reward=-12.35 +/- 0.74
Episode length: 1000.00 +/- 0.00
---------------------------------
| eval/              |          |
|    mean_ep_length  | 1e+03    |
|    mean_reward     | -12.3    |
| time/              |          |
|    total_timesteps | 92000    |
---------------------------------
/home/jw4406/codebase/stable-baselines3/stable_baselines3/common/save_util.py:278: UserWarning: Path 'competitive_models/magics_al_cheetah_0_replay_buffer_92000_steps.pkl' exists, will overwrite it.
  warnings.warn(f"Path '{path}' exists, will overwrite it.")
---------------------------------
| rollout/           |          |
|    ep_len_mean     | 1e+03    |
|    ep_rew_mean     | -279     |
| time/              |          |
|    episodes        | 92       |
|    fps             | 193      |
|    time_elapsed    | 475      |
|    total_timesteps | 92000    |
| train/             |          |
|    std             | 1        |
---------------------------------
Eval num_timesteps=93000, episode_reward=-12.38 +/- 0.54
Episode length: 1000.00 +/- 0.00
---------------------------------
| eval/              |          |
|    mean_ep_length  | 1e+03    |
|    mean_reward     | -12.4    |
| time/              |          |
|    total_timesteps | 93000    |
---------------------------------
/home/jw4406/codebase/stable-baselines3/stable_baselines3/common/save_util.py:278: UserWarning: Path 'competitive_models/magics_al_cheetah_0_replay_buffer_93000_steps.pkl' exists, will overwrite it.
  warnings.warn(f"Path '{path}' exists, will overwrite it.")
Eval num_timesteps=94000, episode_reward=-12.35 +/- 0.83
Episode length: 1000.00 +/- 0.00
---------------------------------
| eval/              |          |
|    mean_ep_length  | 1e+03    |
|    mean_reward     | -12.4    |
| time/              |          |
|    total_timesteps | 94000    |
---------------------------------
/home/jw4406/codebase/stable-baselines3/stable_baselines3/common/save_util.py:278: UserWarning: Path 'competitive_models/magics_al_cheetah_0_replay_buffer_94000_steps.pkl' exists, will overwrite it.
  warnings.warn(f"Path '{path}' exists, will overwrite it.")
Eval num_timesteps=95000, episode_reward=-12.18 +/- 1.23
Episode length: 1000.00 +/- 0.00
---------------------------------
| eval/              |          |
|    mean_ep_length  | 1e+03    |
|    mean_reward     | -12.2    |
| time/              |          |
|    total_timesteps | 95000    |
---------------------------------
/home/jw4406/codebase/stable-baselines3/stable_baselines3/common/save_util.py:278: UserWarning: Path 'competitive_models/magics_al_cheetah_0_replay_buffer_95000_steps.pkl' exists, will overwrite it.
  warnings.warn(f"Path '{path}' exists, will overwrite it.")
Eval num_timesteps=96000, episode_reward=-12.44 +/- 0.58
Episode length: 1000.00 +/- 0.00
---------------------------------
| eval/              |          |
|    mean_ep_length  | 1e+03    |
|    mean_reward     | -12.4    |
| time/              |          |
|    total_timesteps | 96000    |
---------------------------------
/home/jw4406/codebase/stable-baselines3/stable_baselines3/common/save_util.py:278: UserWarning: Path 'competitive_models/magics_al_cheetah_0_replay_buffer_96000_steps.pkl' exists, will overwrite it.
  warnings.warn(f"Path '{path}' exists, will overwrite it.")
---------------------------------
| rollout/           |          |
|    ep_len_mean     | 1e+03    |
|    ep_rew_mean     | -279     |
| time/              |          |
|    episodes        | 96       |
|    fps             | 193      |
|    time_elapsed    | 496      |
|    total_timesteps | 96000    |
| train/             |          |
|    std             | 1        |
---------------------------------
Eval num_timesteps=97000, episode_reward=-12.00 +/- 0.51
Episode length: 1000.00 +/- 0.00
---------------------------------
| eval/              |          |
|    mean_ep_length  | 1e+03    |
|    mean_reward     | -12      |
| time/              |          |
|    total_timesteps | 97000    |
---------------------------------
/home/jw4406/codebase/stable-baselines3/stable_baselines3/common/save_util.py:278: UserWarning: Path 'competitive_models/magics_al_cheetah_0_replay_buffer_97000_steps.pkl' exists, will overwrite it.
  warnings.warn(f"Path '{path}' exists, will overwrite it.")
Eval num_timesteps=98000, episode_reward=-12.42 +/- 0.68
Episode length: 1000.00 +/- 0.00
---------------------------------
| eval/              |          |
|    mean_ep_length  | 1e+03    |
|    mean_reward     | -12.4    |
| time/              |          |
|    total_timesteps | 98000    |
---------------------------------
/home/jw4406/codebase/stable-baselines3/stable_baselines3/common/save_util.py:278: UserWarning: Path 'competitive_models/magics_al_cheetah_0_replay_buffer_98000_steps.pkl' exists, will overwrite it.
  warnings.warn(f"Path '{path}' exists, will overwrite it.")
Eval num_timesteps=99000, episode_reward=-12.40 +/- 0.67
Episode length: 1000.00 +/- 0.00
---------------------------------
| eval/              |          |
|    mean_ep_length  | 1e+03    |
|    mean_reward     | -12.4    |
| time/              |          |
|    total_timesteps | 99000    |
---------------------------------
/home/jw4406/codebase/stable-baselines3/stable_baselines3/common/save_util.py:278: UserWarning: Path 'competitive_models/magics_al_cheetah_0_replay_buffer_99000_steps.pkl' exists, will overwrite it.
  warnings.warn(f"Path '{path}' exists, will overwrite it.")
Eval num_timesteps=100000, episode_reward=-12.20 +/- 0.69
Episode length: 1000.00 +/- 0.00
---------------------------------
| eval/              |          |
|    mean_ep_length  | 1e+03    |
|    mean_reward     | -12.2    |
| time/              |          |
|    total_timesteps | 100000   |
---------------------------------
/home/jw4406/codebase/stable-baselines3/stable_baselines3/common/save_util.py:278: UserWarning: Path 'competitive_models/magics_al_cheetah_0_replay_buffer_100000_steps.pkl' exists, will overwrite it.
  warnings.warn(f"Path '{path}' exists, will overwrite it.")
---------------------------------
| rollout/           |          |
|    ep_len_mean     | 1e+03    |
|    ep_rew_mean     | -280     |
| time/              |          |
|    episodes        | 100      |
|    fps             | 193      |
|    time_elapsed    | 517      |
|    total_timesteps | 100000   |
| train/             |          |
|    std             | 1        |
---------------------------------
/home/jw4406/anaconda3/envs/mujoco_sb3_parallel/lib/python3.11/site-packages/numpy/_core/fromnumeric.py:3596: RuntimeWarning: Mean of empty slice.
  return _methods._mean(a, axis=axis, dtype=dtype,
/home/jw4406/anaconda3/envs/mujoco_sb3_parallel/lib/python3.11/site-packages/numpy/_core/_methods.py:138: RuntimeWarning: invalid value encountered in scalar divide
  ret = ret.dtype.type(ret / rcount)
